2026-09-30T19:30:06Z INF Thank you for trying Cloudflare Tunnel. Doing so, without a Cloudflare account, is a quick way to experiment and try it out. However, be aware that these account-less Tunnels have no uptime guarantee, are subject to the Cloudflare Online Services Terms of Use (https://www.cloudflare.com/website-terms/), and Cloudflare reserves the right to investigate your use of Tunnels for violations of such terms. If you intend to use Tunnels in production you should use a pre-created named tunnel by following: https://developers.cloudflare.com/cloudflare-one/connections/connect-apps
2026-09-30T19:30:06Z INF Requesting new quick Tunnel on trycloudflare.com...
2026-09-30T19:30:11Z INF +--------------------------------------------------------------------------------------------+
2026-09-30T19:30:11Z INF |  Your quick Tunnel has been created! Visit it at (it may take some time to be reachable):  |
2026-09-30T19:30:11Z INF |  https://parties-yes-encyclopedia-away.trycloudflare.com                                   |
2026-09-30T19:30:11Z INF +--------------------------------------------------------------------------------------------+
2026-09-30T19:30:12Z INF Cannot determine default configuration path. No file [config.yml config.yaml] in [~/.cloudflared ~/.cloudflare-warp ~/cloudflare-warp /etc/cloudflared /usr/local/etc/cloudflared]
2026-09-30T19:30:12Z INF Version 2026.9.3 (Checksum b048df7608b8e98431fc38beff6e8979456ae242b9ae3b1bb2bafd84b6a1d0b3)
2026-09-30T19:30:12Z INF GOOS: darwin, GOVersion: go1.27.1, GoArch: arm64
2026-09-30T19:30:12Z INF Settings: map[ha-connections:1 protocol:quic url:http://localhost:8080]
2026-09-30T19:30:12Z INF cloudflared will not automatically update if installed by a package manager.
2026-09-30T19:30:12Z INF Generated Connector ID: edd4b8a4-e0eb-4213-a7e3-2377de27d43b
2026-09-30T19:30:12Z INF Initial protocol quic
2026-09-30T19:30:12Z INF ICMP proxy will use 10.36.220.54 as source for IPv4
2026-09-30T19:30:12Z INF ICMP proxy will use fe80::1044:fcdc:5bdd:a2d3 in zone en0 as source for IPv6
2026-09-30T19:30:12Z INF Created ICMP proxy listening on 10.36.220.54:0
2026-09-30T19:30:12Z INF ICMP proxy will use 10.36.220.54 as source for IPv4
2026-09-30T19:30:12Z INF ICMP proxy will use fe80::1044:fcdc:5bdd:a2d3 in zone en0 as source for IPv6
2026-09-30T19:30:12Z INF Starting metrics server on 127.0.0.1:20241/metrics
2026-09-30T19:30:12Z INF Tunnel connection curve preferences: [X25519MLKEM768 CurveID(65074) CurveP256] connIndex=0 event=0 ip=198.41.192.7
2026-09-30T19:30:13Z INF Registered tunnel connection connIndex=0 connection=0d92aa12-34d4-4192-8142-eb4ea67eebd9 event=0 ip=198.41.192.7 location=waw03 protocol=quic
2026-09-30T19:30:18Z INF +-------------------------------------------------------------------------------------+
2026-09-30T19:30:18Z INF |                               CONNECTIVITY PRE-CHECKS                               |
2026-09-30T19:30:18Z INF +-------------------------------------------------------------------------------------+
2026-09-30T19:30:18Z INF |  COMPONENT         TARGET                     STATUS  DETAILS                       |
2026-09-30T19:30:18Z INF |  DNS Resolution    region1.v2.argotunnel.com  PASS    DNS Resolved successfully     |
2026-09-30T19:30:18Z INF |  DNS Resolution    region2.v2.argotunnel.com  PASS    DNS Resolved successfully     |
2026-09-30T19:30:18Z INF |  UDP Connectivity  region1.v2.argotunnel.com  PASS    QUIC connection successful    |
2026-09-30T19:30:18Z INF |  UDP Connectivity  region2.v2.argotunnel.com  PASS    QUIC connection successful    |
2026-09-30T19:30:18Z INF |  TCP Connectivity  region1.v2.argotunnel.com  PASS    HTTP/2 connection successful  |
2026-09-30T19:30:18Z INF |  TCP Connectivity  region2.v2.argotunnel.com  PASS    HTTP/2 connection successful  |
2026-09-30T19:30:18Z INF |  Cloudflare API    api.cloudflare.com:443     PASS    API is reachable              |
2026-09-30T19:30:18Z INF |                                                                                     |
2026-09-30T19:30:18Z INF |  SUMMARY: Environment is healthy. cloudflared will use 'quic' as primary protocol.  |
2026-09-30T19:30:18Z INF +-------------------------------------------------------------------------------------+
2026-09-30T19:30:18Z INF precheck component="DNS Resolution" details="DNS Resolved successfully" run_id=27f02506-aa98-449f-8b8d-6ec0bd1ba035 status=pass target=region1.v2.argotunnel.com
2026-09-30T19:30:18Z INF precheck component="DNS Resolution" details="DNS Resolved successfully" run_id=27f02506-aa98-449f-8b8d-6ec0bd1ba035 status=pass target=region2.v2.argotunnel.com
2026-09-30T19:30:18Z INF precheck component="UDP Connectivity" details="QUIC connection successful" run_id=27f02506-aa98-449f-8b8d-6ec0bd1ba035 status=pass target=region1.v2.argotunnel.com
2026-09-30T19:30:18Z INF precheck component="UDP Connectivity" details="QUIC connection successful" run_id=27f02506-aa98-449f-8b8d-6ec0bd1ba035 status=pass target=region2.v2.argotunnel.com
2026-09-30T19:30:18Z INF precheck component="TCP Connectivity" details="HTTP/2 connection successful" run_id=27f02506-aa98-449f-8b8d-6ec0bd1ba035 status=pass target=region1.v2.argotunnel.com
2026-09-30T19:30:18Z INF precheck component="TCP Connectivity" details="HTTP/2 connection successful" run_id=27f02506-aa98-449f-8b8d-6ec0bd1ba035 status=pass target=region2.v2.argotunnel.com
2026-09-30T19:30:18Z INF precheck component="Cloudflare API" details="API is reachable" run_id=27f02506-aa98-449f-8b8d-6ec0bd1ba035 status=pass target=api.cloudflare.com:443
2026-09-30T19:30:18Z INF precheck complete hard_fail=false run_id=27f02506-aa98-449f-8b8d-6ec0bd1ba035 suggested_protocol=quic
